# Map file created from QGIS project file C:/Archivos de programa/Quantum GIS/EIEL-Geocore.qgs
# Edit this file to customize for your map interface
# (Created with PyQgis MapServer Export plugin)
MAP
  NAME eiel
  STATUS ON
  # Map image size
  SIZE 600 420
  UNITS meters

EXTENT 552200.570167854 4629033.83181153 686856.900649701 4714789.39325017
  PROJECTION
  	"+proj=utm +zone=29 +ellps=intl +units=m +no_defs"
  END
 
  TEMPLATEPATTERN "printable.html|loader.html"
  
  # Background color for the map canvas -- change as desired
  IMAGECOLOR 192 192 192
  IMAGEQUALITY 95
  IMAGETYPE png
  OUTPUTFORMAT
    NAME png
    DRIVER 'GD/PNG'
    MIMETYPE 'image/png'
    #IMAGEMODE PC256
    EXTENSION 'png'
  END
  
  SHAPEPATH "data"
  
  # Legend
  LEGEND
      IMAGECOLOR 255 255 255
    STATUS ON
    KEYSIZE 18 12
    LABEL
      TYPE BITMAP
      SIZE MEDIUM
      COLOR 0 0 89
    END
  END

  # Web interface definition. Only the template parameter is required to display a map. See MapServer documentation
  WEB
    # Set IMAGEPATH to the path where MapServer should write its output.
    IMAGEPATH 'tmp/'

    # Set IMAGEURL to the url that points to IMAGEPATH as defined in your web server configuration
    IMAGEURL 'tmp/'

    # WMS server settings
    METADATA
      'wms_title'           'eiel'
      'wms_server_version'  '1.1.1'
      'wms_onlineresource'  'http://localhost:80/mapserver/eiel/mapserv'
      'wms_srs'             'EPSG:23029'
    END

    # Template and header/footer settings
    TEMPLATE '/templates/feature.html'
    HEADER 'templates/footer_feature.html'
    FOOTER 'templates/header_feature.html'
	END # Web
	
	
	
#############################
# Definiciones de Layers/Capas
#############################
  
  
  SYMBOL
	NAME 'CIRCLE'
	TYPE ellipse
	FILLED true
	POINTS
		1 1
	END # Points
END # Symbol
  
  

  
   ###########Municipio
  LAYER 
	NAME 'Municipio'
	TYPE POLYGON
	CONNECTIONTYPE postgis
	CONNECTION "host=213.164.46.136 port=5433 user=localgis password=localgis dbname=GIS_EIEL_2007"
	DATA 'geometria FROM (Select * from "EIEL2005_MUNICIPAL".mun_encuestados) AS mun_encuestados USING UNIQUE geoid USING SRID=23029'
	METADATA
      'wms_title' 'Municipio'
      'wms_featureinfoformat' 'gml'
      'wms_srs' 'EPSG:23029'
      'gml_include_items' 'all'
    END # METADATA
	STATUS OFF	
	TRANSPARENCY 100
	OPACITY 100
	
	CLASS
		NAME 'Municipio' 
		STYLE
			SYMBOL 0 
			SIZE 3 
			OUTLINECOLOR 128 128 128
			COLOR 249 249 249
		END # STYLE
	END # CLASS
 END # LAYER

  

  
END # Map File